\BOOKMARK [0][-]{chapter.1}{\376\377\000D\000e\000s\000c\000r\000i\000p\000c\000i\000\363\000n\000\040\000G\000e\000n\000e\000r\000a\000l}{}% 1
\BOOKMARK [1][-]{section.1.1}{\376\377\000P\000r\000o\000p\000\363\000s\000i\000t\000o\000\040\000d\000e\000l\000\040\000s\000i\000s\000t\000e\000m\000a}{chapter.1}% 2
\BOOKMARK [1][-]{section.1.2}{\376\377\000A\000l\000c\000a\000n\000c\000e}{chapter.1}% 3
\BOOKMARK [1][-]{section.1.3}{\376\377\000C\000a\000s\000o\000s\000\040\000d\000e\000\040\000u\000s\000o\000\040\000p\000r\000i\000n\000c\000i\000p\000a\000l\000e\000s}{chapter.1}% 4
\BOOKMARK [0][-]{chapter.2}{\376\377\000A\000r\000q\000u\000i\000t\000e\000c\000t\000u\000r\000a\000\040\000d\000e\000l\000\040\000S\000i\000s\000t\000e\000m\000a}{}% 5
\BOOKMARK [1][-]{section.2.1}{\376\377\000T\000i\000p\000o\000\040\000d\000e\000\040\000a\000r\000q\000u\000i\000t\000e\000c\000t\000u\000r\000a}{chapter.2}% 6
\BOOKMARK [1][-]{section.2.2}{\376\377\000D\000i\000a\000g\000r\000a\000m\000a\000\040\000g\000e\000n\000e\000r\000a\000l}{chapter.2}% 7
\BOOKMARK [1][-]{section.2.3}{\376\377\000C\000o\000m\000p\000o\000n\000e\000n\000t\000e\000s\000\040\000p\000r\000i\000n\000c\000i\000p\000a\000l\000e\000s}{chapter.2}% 8
\BOOKMARK [0][-]{chapter.3}{\376\377\000S\000t\000a\000c\000k\000\040\000T\000e\000c\000n\000o\000l\000\363\000g\000i\000c\000o}{}% 9
\BOOKMARK [1][-]{section.3.1}{\376\377\000L\000e\000n\000g\000u\000a\000j\000e\000s}{chapter.3}% 10
\BOOKMARK [1][-]{section.3.2}{\376\377\000F\000r\000a\000m\000e\000w\000o\000r\000k\000s\000\040\000y\000\040\000h\000e\000r\000r\000a\000m\000i\000e\000n\000t\000a\000s\000\040\000p\000r\000i\000n\000c\000i\000p\000a\000l\000e\000s}{chapter.3}% 11
\BOOKMARK [1][-]{section.3.3}{\376\377\000B\000i\000b\000l\000i\000o\000t\000e\000c\000a\000s\000\040\000y\000\040\000d\000e\000p\000e\000n\000d\000e\000n\000c\000i\000a\000s}{chapter.3}% 12
\BOOKMARK [0][-]{chapter.4}{\376\377\000E\000s\000t\000r\000u\000c\000t\000u\000r\000a\000\040\000d\000e\000l\000\040\000P\000r\000o\000y\000e\000c\000t\000o}{}% 13
\BOOKMARK [1][-]{section.4.1}{\376\377\000O\000r\000g\000a\000n\000i\000z\000a\000c\000i\000\363\000n\000\040\000d\000e\000\040\000c\000a\000r\000p\000e\000t\000a\000s}{chapter.4}% 14
\BOOKMARK [1][-]{section.4.2}{\376\377\000D\000e\000s\000c\000r\000i\000p\000c\000i\000\363\000n\000\040\000d\000e\000\040\000m\000\363\000d\000u\000l\000o\000s}{chapter.4}% 15
\BOOKMARK [2][-]{subsection.4.2.1}{\376\377\000M\000\363\000d\000u\000l\000o\000\040\000a\000p\000i\000/\000\040\040\024\000\040\000B\000a\000c\000k\000e\000n\000d\000\040\000P\000H\000P}{section.4.2}% 16
\BOOKMARK [2][-]{subsection.4.2.2}{\376\377\000M\000\363\000d\000u\000l\000o\000\040\000s\000r\000c\000/\000p\000a\000g\000e\000s\000/\000\040\040\024\000\040\000P\000\341\000g\000i\000n\000a\000s\000\040\000R\000e\000a\000c\000t}{section.4.2}% 17
\BOOKMARK [0][-]{chapter.5}{\376\377\000C\000o\000n\000f\000i\000g\000u\000r\000a\000c\000i\000\363\000n\000\040\000d\000e\000l\000\040\000E\000n\000t\000o\000r\000n\000o}{}% 18
\BOOKMARK [1][-]{section.5.1}{\376\377\000R\000e\000q\000u\000i\000s\000i\000t\000o\000s\000\040\000d\000e\000\040\000v\000e\000r\000s\000i\000o\000n\000e\000s}{chapter.5}% 19
\BOOKMARK [1][-]{section.5.2}{\376\377\000V\000a\000r\000i\000a\000b\000l\000e\000s\000\040\000d\000e\000\040\000e\000n\000t\000o\000r\000n\000o}{chapter.5}% 20
\BOOKMARK [1][-]{section.5.3}{\376\377\000A\000r\000c\000h\000i\000v\000o\000s\000\040\000d\000e\000\040\000c\000o\000n\000f\000i\000g\000u\000r\000a\000c\000i\000\363\000n}{chapter.5}% 21
\BOOKMARK [0][-]{chapter.6}{\376\377\000I\000n\000s\000t\000a\000l\000a\000c\000i\000\363\000n\000\040\000y\000\040\000E\000j\000e\000c\000u\000c\000i\000\363\000n}{}% 22
\BOOKMARK [1][-]{section.6.1}{\376\377\000P\000a\000s\000o\000s\000\040\000p\000a\000r\000a\000\040\000l\000e\000v\000a\000n\000t\000a\000r\000\040\000e\000l\000\040\000s\000i\000s\000t\000e\000m\000a}{chapter.6}% 23
\BOOKMARK [1][-]{section.6.2}{\376\377\000C\000o\000m\000a\000n\000d\000o\000s\000\040\000p\000r\000i\000n\000c\000i\000p\000a\000l\000e\000s}{chapter.6}% 24
\BOOKMARK [0][-]{chapter.7}{\376\377\000B\000a\000s\000e\000\040\000d\000e\000\040\000D\000a\000t\000o\000s}{}% 25
\BOOKMARK [1][-]{section.7.1}{\376\377\000D\000e\000s\000c\000r\000i\000p\000c\000i\000\363\000n\000\040\000g\000e\000n\000e\000r\000a\000l}{chapter.7}% 26
\BOOKMARK [1][-]{section.7.2}{\376\377\000T\000a\000b\000l\000a\000s\000\040\000p\000r\000i\000n\000c\000i\000p\000a\000l\000e\000s}{chapter.7}% 27
\BOOKMARK [2][-]{subsection.7.2.1}{\376\377\000T\000a\000b\000l\000a\000\040\000u\000s\000u\000a\000r\000i\000o\000s}{section.7.2}% 28
\BOOKMARK [2][-]{subsection.7.2.2}{\376\377\000T\000a\000b\000l\000a\000\040\000m\000i\000g\000r\000a\000n\000t\000e\000s}{section.7.2}% 29
\BOOKMARK [2][-]{subsection.7.2.3}{\376\377\000T\000a\000b\000l\000a\000\040\000d\000o\000c\000u\000m\000e\000n\000t\000o\000s}{section.7.2}% 30
\BOOKMARK [2][-]{subsection.7.2.4}{\376\377\000T\000a\000b\000l\000a\000\040\000d\000o\000c\000u\000m\000e\000n\000t\000o\000s\000\137\000h\000i\000s\000t\000o\000r\000i\000a\000l}{section.7.2}% 31
\BOOKMARK [2][-]{subsection.7.2.5}{\376\377\000T\000a\000b\000l\000a\000\040\000d\000o\000c\000u\000m\000e\000n\000t\000o\000s\000\137\000f\000i\000r\000m\000a\000s}{section.7.2}% 32
\BOOKMARK [2][-]{subsection.7.2.6}{\376\377\000T\000a\000b\000l\000a\000\040\000s\000o\000l\000i\000c\000i\000t\000u\000d\000e\000s\000\137\000p\000u\000s\000h}{section.7.2}% 33
\BOOKMARK [1][-]{section.7.3}{\376\377\000R\000e\000l\000a\000c\000i\000o\000n\000e\000s\000\040\000e\000n\000t\000r\000e\000\040\000t\000a\000b\000l\000a\000s}{chapter.7}% 34
\BOOKMARK [0][-]{chapter.8}{\376\377\000A\000P\000I\000\040\000/\000\040\000I\000n\000t\000e\000r\000f\000a\000c\000e\000s}{}% 35
\BOOKMARK [1][-]{section.8.1}{\376\377\000C\000o\000n\000v\000e\000n\000c\000i\000\363\000n\000\040\000g\000e\000n\000e\000r\000a\000l}{chapter.8}% 36
\BOOKMARK [1][-]{section.8.2}{\376\377\000E\000n\000d\000p\000o\000i\000n\000t\000s\000\040\000p\000r\000i\000n\000c\000i\000p\000a\000l\000e\000s}{chapter.8}% 37
\BOOKMARK [2][-]{subsection.8.2.1}{\376\377\000P\000O\000S\000T\000\040\000/\000a\000p\000i\000/\000l\000o\000g\000i\000n\000.\000p\000h\000p}{section.8.2}% 38
\BOOKMARK [2][-]{subsection.8.2.2}{\376\377\000P\000O\000S\000T\000\040\000/\000a\000p\000i\000/\000a\000v\000a\000n\000z\000a\000r\000\137\000d\000o\000c\000u\000m\000e\000n\000t\000o\000.\000p\000h\000p}{section.8.2}% 39
\BOOKMARK [2][-]{subsection.8.2.3}{\376\377\000P\000O\000S\000T\000\040\000/\000a\000p\000i\000/\000f\000i\000r\000m\000a\000r\000\137\000d\000o\000c\000u\000m\000e\000n\000t\000o\000.\000p\000h\000p}{section.8.2}% 40
\BOOKMARK [2][-]{subsection.8.2.4}{\376\377\000P\000O\000S\000T\000\040\000/\000a\000p\000i\000/\000g\000e\000n\000e\000r\000a\000r\000\137\000l\000l\000a\000v\000e\000s\000\137\000c\000o\000o\000r\000d\000i\000n\000a\000d\000o\000r\000.\000p\000h\000p}{section.8.2}% 41
\BOOKMARK [0][-]{chapter.9}{\376\377\000F\000l\000u\000j\000o\000s\000\040\000y\000\040\000L\000\363\000g\000i\000c\000a\000\040\000d\000e\000\040\000N\000e\000g\000o\000c\000i\000o}{}% 42
\BOOKMARK [1][-]{section.9.1}{\376\377\000F\000l\000u\000j\000o\000\040\000d\000o\000c\000u\000m\000e\000n\000t\000a\000l\000\040\000V\000O\000C\000A}{chapter.9}% 43
\BOOKMARK [1][-]{section.9.2}{\376\377\000R\000e\000g\000l\000a\000s\000\040\000d\000e\000\040\000n\000e\000g\000o\000c\000i\000o\000\040\000i\000m\000p\000o\000r\000t\000a\000n\000t\000e\000s}{chapter.9}% 44
\BOOKMARK [1][-]{section.9.3}{\376\377\000P\000r\000o\000c\000e\000s\000o\000\040\000d\000e\000\040\000f\000i\000r\000m\000a\000\040\000d\000i\000g\000i\000t\000a\000l\000\040\000R\000S\000A}{chapter.9}% 45
\BOOKMARK [0][-]{chapter.10}{\376\377\000E\000j\000e\000m\000p\000l\000o\000s\000\040\000d\000e\000\040\000U\000s\000o}{}% 46
\BOOKMARK [1][-]{section.10.1}{\376\377\000A\000u\000t\000e\000n\000t\000i\000c\000a\000r\000\040\000u\000n\000\040\000u\000s\000u\000a\000r\000i\000o\000\040\000\050\000l\000o\000g\000i\000n\000\051}{chapter.10}% 47
\BOOKMARK [1][-]{section.10.2}{\376\377\000S\000u\000b\000i\000r\000\040\000y\000\040\000a\000v\000a\000n\000z\000a\000r\000\040\000u\000n\000\040\000d\000o\000c\000u\000m\000e\000n\000t\000o}{chapter.10}% 48
\BOOKMARK [1][-]{section.10.3}{\376\377\000F\000i\000r\000m\000a\000r\000\040\000u\000n\000\040\000d\000o\000c\000u\000m\000e\000n\000t\000o\000\040\000d\000i\000g\000i\000t\000a\000l\000m\000e\000n\000t\000e}{chapter.10}% 49
\BOOKMARK [1][-]{section.10.4}{\376\377\000G\000e\000n\000e\000r\000a\000r\000\040\000l\000l\000a\000v\000e\000s\000\040\000R\000S\000A\000\040\000p\000a\000r\000a\000\040\000u\000n\000\040\000c\000o\000o\000r\000d\000i\000n\000a\000d\000o\000r}{chapter.10}% 50
\BOOKMARK [1][-]{section.10.5}{\376\377\000V\000e\000r\000i\000f\000i\000c\000a\000r\000\040\000l\000a\000\040\000i\000n\000t\000e\000g\000r\000i\000d\000a\000d\000\040\000d\000e\000\040\000u\000n\000\040\000d\000o\000c\000u\000m\000e\000n\000t\000o\000\040\000f\000i\000r\000m\000a\000d\000o}{chapter.10}% 51
\BOOKMARK [0][-]{chapter.11}{\376\377\000M\000a\000n\000e\000j\000o\000\040\000d\000e\000\040\000E\000r\000r\000o\000r\000e\000s}{}% 52
\BOOKMARK [1][-]{section.11.1}{\376\377\000E\000s\000t\000r\000a\000t\000e\000g\000i\000a\000\040\000d\000e\000\040\000e\000r\000r\000o\000r\000e\000s}{chapter.11}% 53
\BOOKMARK [1][-]{section.11.2}{\376\377\000M\000e\000n\000s\000a\000j\000e\000s\000\040\000d\000e\000\040\000e\000r\000r\000o\000r\000\040\000c\000o\000m\000u\000n\000e\000s}{chapter.11}% 54
\BOOKMARK [1][-]{section.11.3}{\376\377\000R\000e\000g\000i\000s\000t\000r\000o\000\040\000\050\000l\000o\000g\000s\000\051}{chapter.11}% 55
\BOOKMARK [0][-]{chapter.12}{\376\377\000P\000r\000u\000e\000b\000a\000s}{}% 56
\BOOKMARK [1][-]{section.12.1}{\376\377\000T\000i\000p\000o\000s\000\040\000d\000e\000\040\000p\000r\000u\000e\000b\000a\000s}{chapter.12}% 57
\BOOKMARK [1][-]{section.12.2}{\376\377\000C\000a\000s\000o\000s\000\040\000d\000e\000\040\000p\000r\000u\000e\000b\000a\000\040\000m\000a\000n\000u\000a\000l\000e\000s\000\040\000r\000e\000a\000l\000i\000z\000a\000d\000o\000s}{chapter.12}% 58
\BOOKMARK [1][-]{section.12.3}{\376\377\000C\000\363\000m\000o\000\040\000e\000j\000e\000c\000u\000t\000a\000r\000\040\000E\000S\000L\000i\000n\000t}{chapter.12}% 59
\BOOKMARK [0][-]{chapter.13}{\376\377\000D\000e\000s\000p\000l\000i\000e\000g\000u\000e}{}% 60
\BOOKMARK [1][-]{section.13.1}{\376\377\000E\000n\000t\000o\000r\000n\000o\000s}{chapter.13}% 61
\BOOKMARK [1][-]{section.13.2}{\376\377\000P\000a\000s\000o\000s\000\040\000p\000a\000r\000a\000\040\000d\000e\000s\000p\000l\000i\000e\000g\000u\000e\000\040\000e\000n\000\040\000p\000r\000o\000d\000u\000c\000c\000i\000\363\000n}{chapter.13}% 62
\BOOKMARK [1][-]{section.13.3}{\376\377\000C\000o\000n\000s\000i\000d\000e\000r\000a\000c\000i\000o\000n\000e\000s\000\040\000y\000\040\000l\000i\000m\000i\000t\000a\000c\000i\000o\000n\000e\000s\000\040\000c\000o\000n\000o\000c\000i\000d\000a\000s\000\040\000\050\000H\000o\000s\000t\000G\000a\000t\000o\000r\000\051}{chapter.13}% 63
\BOOKMARK [0][-]{chapter.14}{\376\377\000S\000e\000g\000u\000r\000i\000d\000a\000d}{}% 64
\BOOKMARK [1][-]{section.14.1}{\376\377\000A\000u\000t\000e\000n\000t\000i\000c\000a\000c\000i\000\363\000n}{chapter.14}% 65
\BOOKMARK [1][-]{section.14.2}{\376\377\000F\000i\000r\000m\000a\000\040\000d\000i\000g\000i\000t\000a\000l}{chapter.14}% 66
\BOOKMARK [1][-]{section.14.3}{\376\377\000P\000r\000o\000t\000e\000c\000c\000i\000\363\000n\000\040\000d\000e\000\040\000d\000a\000t\000o\000s\000\040\000s\000e\000n\000s\000i\000b\000l\000e\000s}{chapter.14}% 67
\BOOKMARK [1][-]{section.14.4}{\376\377\000B\000u\000e\000n\000a\000s\000\040\000p\000r\000\341\000c\000t\000i\000c\000a\000s\000\040\000i\000m\000p\000l\000e\000m\000e\000n\000t\000a\000d\000a\000s}{chapter.14}% 68
\BOOKMARK [0][-]{chapter.15}{\376\377\000G\000u\000\355\000a\000\040\000d\000e\000\040\000C\000o\000n\000t\000r\000i\000b\000u\000c\000i\000\363\000n}{}% 69
\BOOKMARK [1][-]{section.15.1}{\376\377\000C\000o\000n\000v\000e\000n\000c\000i\000o\000n\000e\000s\000\040\000d\000e\000\040\000c\000\363\000d\000i\000g\000o}{chapter.15}% 70
\BOOKMARK [2][-]{subsection.15.1.1}{\376\377\000F\000r\000o\000n\000t\000e\000n\000d\000\040\000\050\000J\000a\000v\000a\000S\000c\000r\000i\000p\000t\000/\000R\000e\000a\000c\000t\000\051}{section.15.1}% 71
\BOOKMARK [2][-]{subsection.15.1.2}{\376\377\000B\000a\000c\000k\000e\000n\000d\000\040\000\050\000P\000H\000P\000\051}{section.15.1}% 72
\BOOKMARK [1][-]{section.15.2}{\376\377\000F\000l\000u\000j\000o\000\040\000d\000e\000\040\000t\000r\000a\000b\000a\000j\000o\000\040\000c\000o\000n\000\040\000G\000i\000t}{chapter.15}% 73
\BOOKMARK [1][-]{section.15.3}{\376\377\000C\000\363\000m\000o\000\040\000a\000g\000r\000e\000g\000a\000r\000\040\000f\000u\000n\000c\000i\000o\000n\000a\000l\000i\000d\000a\000d\000e\000s}{chapter.15}% 74
\BOOKMARK [0][-]{chapter.16}{\376\377\000P\000r\000o\000b\000l\000e\000m\000a\000s\000\040\000C\000o\000n\000o\000c\000i\000d\000o\000s}{}% 75
\BOOKMARK [1][-]{section.16.1}{\376\377\000L\000i\000m\000i\000t\000a\000c\000i\000o\000n\000e\000s\000\040\000d\000e\000\040\000l\000a\000\040\000v\000e\000r\000s\000i\000\363\000n\000\040\0001\000.\0000}{chapter.16}% 76
\BOOKMARK [0][-]{chapter.17}{\376\377\000F\000A\000Q\000\040\000T\000\351\000c\000n\000i\000c\000a}{}% 77
\BOOKMARK [0][-]{chapter.18}{\376\377\000R\000e\000f\000e\000r\000e\000n\000c\000i\000a\000s}{}% 78
